// Jest Snapshot v1, https://goo.gl/fbAQLP

exports[`should render as expected 1`] = `
<div>
  <button
    class="button"
    id="stopwatch-reset"
  >
    Reset
  </button>
</div>
`;
